exports[`test renders correctly 1`] = `
<View
  style={
    Object {
      "alignItems": "center",
      "flex": 1,
      "flexDirection": "row",
      "justifyContent": "center",
    }
  }>
  <ActivityIndicator
    animating={true}
    color="#21ba57"
    hidesWhenStopped={true}
    size={60} />
</View>
`;
