exports[`test renders correctly 1`] = `
<View>
  <Text
    accessible={true}
    allowFontScaling={true}
    ellipsizeMode="tail"
    numberOfLines={1}
    style={
      Object {
        "color": "black",
        "fontSize": 21,
        "fontWeight": "bold",
        "width": 200,
      }
    }>
    Não disponível.
  </Text>
</View>
`;
