exports[`test renders correctly 1`] = `
<View
  style={
    Object {
      "flex": 1,
    }
  }>
  <Text
    accessible={true}
    allowFontScaling={true}
    ellipsizeMode="tail"
    numberOfLines={1}
    style={
      Object {
        "color": "black",
        "fontSize": 21,
        "fontWeight": "bold",
      }
    }>
    Não disponível.
  </Text>
</View>
`;
